[    3.399998] Freeing initrd memory: 64128K
[    3.415507] Key type encrypted registered
[    3.419468] ima: No TPM chip found, activating TPM-bypass!
[    3.424488] Loading compiled-in module X.509 certificates
[    3.429560] Loaded X.509 cert 'Build time autogenerated kernel key: ab95a56bab632f55234099faf71fd1f7b65f6d2e'
[    3.438959] ima: Allocated hash algorithm: sha256
[    3.443619] ima: No architecture policies found
[    3.447809] evm: Initialising EVM extended attributes:
[    3.452457] evm: security.selinux
[    3.455640] evm: security.SMACK64 (disabled)
[    3.459577] evm: security.SMACK64EXEC (disabled)
[    3.463876] evm: security.SMACK64TRANSMUTE (disabled)
[    3.468399] evm: security.SMACK64MMAP (disabled)
[    3.472651] evm: security.apparmor (disabled)
[    3.476689] evm: security.ima
[    3.479757] evm: security.capability
[    3.483163] evm: HMAC attrs: 0x1
[    3.490190] alg: No test for 842 (842-scomp)
[    3.543994] PM:   Magic number: 10:662:487
[    3.569195] RAS: Correctable Errors collector initialized.
[    3.593287] Unstable clock detected, switching default tracing clock to "global"
[    3.593287] If you want to keep using the local clock, then add:
[    3.593287]   "trace_clock=local"
[    3.593287] on the kernel command line
[    3.628593] clk: Disabling unused clocks
[    3.632317] PM: genpd: Disabling unused power domains
[    3.641036] Freeing unused decrypted memory: 2028K
[    3.646613] Freeing unused kernel image (initmem) memory: 5212K
[    3.650708] Write protecting the kernel read-only data: 36864k
[    3.655181] Freeing unused kernel image (text/rodata gap) memory: 1960K
[    3.659803] Freeing unused kernel image (rodata/data gap) memory: 892K
[    3.683268] x86/mm: Checked W+X mappings: passed, no W+X pages found.
[    3.687399] Run /init as init process
[    3.690159]   with arguments:
[    3.692419]     /init
[    3.694328]     cdroot
[    3.696251]   with environment:
[    3.698599]     HOME=/
[    3.700538]     TERM=linux
P+q6E616D65
\[    4.046405] fuse: init (API version 7.45)
[    4.058575] systemd[1]: Successfully made /usr/ read-only.
[18t[    4.246248] clocksource: Marking clocksource tsc unstable due to inter CPU skew
[    4.247156] clocksource: CPU1      20583296800 < CPU0      20583298134 (cycles)
[    4.247156] tsc: Marking TSC unstable due to clocksource watchdog
[32766;32766H
]104
[?7h
[0J[    4.733201] systemd[1]: systemd 261.1 running in system mode (+PAM -AUDIT -SELINUX -APPARMOR +IMA +IPE +SMACK +SECCOMP -GCRYPT -GNUTLS +OPENSSL +ACL +BLKID -CURL -ELFUTILS -FIDO2 -IDN2 +KMOD +LIBCRYPTSETUP +LIBCRYPTSETUP_PLUGINS +LIBFDISK -PCRE2 -PWQUALITY -P11KIT -QRENCODE +TPM2 -BZIP2 +LZ4 +XZ +ZLIB +ZSTD -BPF_FRAMEWORK -BTF -XKBCOMMON -UTMP -LIBARCHIVE)
[    4.753852] systemd[1]: Detected virtualization kvm.
[    4.757651] systemd[1]: Detected architecture x86-64.
[    4.761451] systemd[1]: Running in initrd.
[0;1;39mBooting initrd of 
[1mHadron Linux dracut-111 (Initramfs)
[0;1;39m.
[    4.769015] systemd[1]: Initializing machine ID from random generator.
[    4.773846] systemd[1]: No hostname configured, using default hostname.
[    4.778478] systemd[1]: Hostname set to <localhost>.
]3008;start=e2cf084d8f794a63a37827f25d5f1960;user=root;hostname=localhost;machineid=6016b0edaa79444caa02f778510f98b0;bootid=79ae66223fe64ddaa4030781df71224b;pid=1;pidfdid=1;comm=systemd;type=boot
\[    4.819224] (gene[256]: '/usr/lib/systemd/system-generators/dracut-crypt-generator' failed with exit status 2.
[    4.834788] dracut Warning: Kernel command line option 'rd.live.overlay.overlayfs' is deprecated, use 'rd.overlay' instead.
[    4.867374] systemd[1]: Queued start job for default target Initrd Default Target.
[    4.881450] systemd[1]: Created slice Slice /system/modprobe.
[0;32m  OK  
[0m] Created slice 
[0;1;39mSlice /system/modprobe
[0m.
[    4.888901] systemd[1]: Started Dispatch Password Requests to Console Directory Watch.
[0;32m  OK  
[0m] Started 
[0;1;39mDispatch Password Requests to Console Directory Watch
[0m.
[    4.898519] systemd[1]: Reached target Initrd /usr File System.
[0;32m  OK  
[0m] Reached target 
[0;1;39mInitrd /usr File System
[0m.
[    4.905996] systemd[1]: Reached target Path Units.
[0;32m  OK  
[0m] Reached target 
[0;1;39mPath Units
[0m.
[    4.912337] systemd[1]: Reached target Slice Units.
[0;32m  OK  
[0m] Reached target 
[0;1;39mSlice Units
[0m.
[    4.918588] systemd[1]: Reached target Swaps.
[0;32m  OK  
[0m] Reached target 
[0;1;39mSwaps
[0m.
[    4.924383] systemd[1]: Reached target Timer Units.
[0;32m  OK  
[0m] Reached target 
[0;1;39mTimer Units
[0m.
[    4.930645] systemd[1]: Reached target Local Verity Protected Volumes.
[0;32m  OK  
[0m] Reached target 
[0;1;39mLocal Verity Protected Volumes
[0m.
[    4.938597] systemd[1]: Listening on Open-iSCSI iscsid Socket.
[0;32m  OK  
[0m] Listening on 
[0;1;39mOpen-iSCSI iscsid Socket
[0m.
[    4.945900] systemd[1]: Listening on Open-iSCSI iscsiuio Socket.
[0;32m  OK  
[0m] Listening on 
[0;1;39mOpen-iSCSI iscsiuio Socket
[0m.
[    4.953430] systemd[1]: Listening on Journal Socket (/dev/log).
[0;32m  OK  
[0m] Listening on 
[0;1;39mJournal Socket (/dev/log)
[0m.
[    4.960984] systemd[1]: Listening on Journal Sockets.
[0;32m  OK  
[0m] Listening on 
[0;1;39mJournal Sockets
[0m.
[    4.967527] systemd[1]: Listening on Network Management Netlink Socket.
[0;32m  OK  
[0m] Listening on 
[0;1;39mNetwork Management Netlink Socket
[0m.
[    4.975626] systemd[1]: Listening on udev Control Socket.
[0;32m  OK  
[0m] Listening on 
[0;1;39mudev Control Socket
[0m.
[    4.982525] systemd[1]: Listening on udev Kernel Socket.
[0;32m  OK  
[0m] Listening on 
[0;1;39mudev Kernel Socket
[0m.
[    4.989323] systemd[1]: Reached target Socket Units.
[0;32m  OK  
[0m] Reached target 
[0;1;39mSocket Units
[0m.
[    4.998307] systemd[1]: Starting Create List of Static Device Nodes...
         Starting 
[0;1;39mCreate List of Static Device Nodes
[0m...
[    5.006243] systemd[1]: Load Kernel Module dm_mod skipped, unmet condition check ConditionKernelModuleLoaded=!dm_mod
[    5.013921] systemd[1]: Starting Load Kernel Module dm_multipath...
         Starting 
[0;1;39mLoad Kernel Module dm_multipath
[0m...
[    5.022576] systemd[1]: Starting Load Kernel Module loop...
         Starting 
[0;1;39mLoad Kernel Module loop
[0m...
[    5.029762] systemd[1]: Early Battery Level Check skipped, unmet condition check ConditionDirectoryNotEmpty=/sys/class/power_supply
[    5.029805] loop: module loaded
[    5.034804] systemd[1]: Reached target Initrd Root Device.
[0;32m  OK  
[0m] Reached target 
[0;1;39mInitrd Root Device
[0m.
[    5.048201] systemd[1]: Starting Journal Service...
         Starting 
[0;1;39mJournal Service
[0m...
[    5.054468] systemd[1]: Load Kernel Modules skipped, no trigger condition checks were met.
[    5.063603] systemd[1]: Starting Generate Network Units from Kernel Command Line...
         Startin[    5.069974] systemd-journald[370]: Collecting audit messages is disabled.
[0;1;39mGenerate Network Units from Kernel Command Line
[0m...
[    5.075942] systemd[1]: TPM PCR Barrier (initrd) skipped, unmet condition check ConditionSecurity=measured-os
[    5.083913] systemd[1]: Starting Apply Kernel Variables...
         Starting 
[0;1;39mApply Kernel Variables
[0m...
[    5.091236] systemd[1]: Starting Virtual Console Setup...
         Starting 
[0;1;39mVirtual Console Setup
[0m...
[    5.098496] systemd[1]: Started Journal Service.
[0;32m  OK  
[0m] Started 
[0;1;39mJournal Service
[0m.
[0;32m  OK  
[0m] Finished 
[0;1;39mCreate List of Static Device Nodes
[0m.
[0;32m  OK  
[0m] Finished 
[0;1;39mLoad Kernel Module dm_multipath
[0m.
[0;32m  OK  
[0m] Finished 
[0;1;39mLoad Kernel Module loop
[0m.
[0;32m  OK  
[0m] Finished 
[0;1;39mGenerate Network Units from Kernel Command Line
[0m.
[0;32m  OK  
[0m] Finished 
[0;1;39mApply Kernel Variables
[0m.
[0;32m  OK  
[0m] Finished 
[0;1;39mVirtual Console Setup
[0m.
[0;32m  OK  
[0m] Reached target 
[0;1;39mPreparation for Network
[0m.
[0;32m  OK  
[0m] Listening on 
[0;1;39mNetwork Management Resolve Hook Socket
[0m.
         Starting 
[0;1;39mDevice-Mapper Multipath Device Controller
[0m...
         Starting 
[0;1;39mdracut cmdline hook
[0m...
         Starting 
[0;1;39mNetwork Name Resolution
[0m...
[0;32m  OK  
[0m] Reached target 
[0;1;39mLocal Encrypted Volumes (Pre)
[0m.
[0;32m  OK  
[0m] Reached target 
[0;1;39mLocal Encrypted Volumes
[0m.
         Starting 
[0;1;39mCreate Static Device Nodes in /dev gracefully
[0m...
[0;32m  OK  
[0m] Started 
[0;1;39mDevice-Mapper Multipath Device Controller
[0m.
[0;32m  OK  
[0m] Finished 
[0;1;39mCreate Static Device Nodes in /dev gracefully
[0m.
         Starting 
[0;1;39mCreate Static Device Nodes in /dev
[0m...
[0;32m  OK  
[0m] Finished 
[0;1;39mCreate Static Device Nodes in /dev
[0m.
[0;32m  OK  
[0m] Reached target 
[0;1;39mPreparation for Local File Systems
[0m.
[0;32m  OK  
[0m] Reached target 
[0;1;39mLocal File Systems
[0m.
         Starting 
[0;1;39mCreate System Files and Directories
[0m...
[0;32m  OK  
[0m] Started 
[0;1;39mNetwork Name Resolution
[0m.
[0;32m  OK  
[0m] Finished 
[0;1;39mCreate System Files and Directories
[0m.
[0;32m  OK  
[0m] Reached target 
[0;1;39mHost and Network Name Lookups
[0m.
[    5.246328] Loading iSCSI transport class v2.0-870.
[    5.253644] iscsi: registered transport (tcp)
[    5.263529] iscsi: registered transport (qla4xxx)
[    5.266938] QLogic iSCSI HBA Driver
[    5.272782] libcxgbi:libcxgbi_init_module: Chelsio iSCSI driver library libcxgbi v0.9.1-ko (Apr. 2015)
[    5.283755] Chelsio T3 iSCSI Driver cxgb3i v2.0.1-ko (Apr. 2015)
[    5.287893] iscsi: registered transport (cxgb3i)
[    5.306994] Chelsio T4-T6 iSCSI Driver cxgb4i v0.9.5-ko (Apr. 2015)
[    5.311019] iscsi: registered transport (cxgb4i)
[    5.314005] cxgb4i:cxgb4i_init_module: cxgb4i dcb enabled.
[    5.321231] cnic: QLogic cnicDriver v2.5.22 (July 20, 2015)
[    5.326774] QLogic NetXtreme II iSCSI Driver bnx2i v2.7.10.1 (Jul 16, 2014)
[    5.331245] iscsi: registered transport (bnx2i)
[    5.338599] iscsi: registered transport (be2iscsi)
[    5.341685] In beiscsi_module_init, tt=00000000e692e373
[0;32m  OK  
[0m] Finished 
[0;1;39mdracut cmdline hook
[0m.
         Starting 
[0;1;39mdracut pre-udev hook
[0m...
[0;32m  OK  
[0m] Finished 
[0;1;39mdracut pre-udev hook
[0m.
         Starting 
[0;1;39mRule-based Manager for Device Events and Files
[0m...
[0;32m  OK  
[0m] Started 
[0;1;39mRule-based Manager for Device Events and Files
[0m.
         Starting 
[0;1;39mdracut pre-trigger hook
[0m...
         Starting 
[0;1;39mNetwork Management
[0m...
[0;32m  OK  
[0m] Finished 
[0;1;39mdracut pre-trigger hook
[0m.
         Starting 
[0;1;39mColdplug All udev Devices
[0m...
[    5.544453] cfg80211: Loading compiled-in X.509 certificates for regulatory database
[    5.552958] Loaded X.509 cert 'sforshee: 00b28ddf47aef9cea7'
[    5.557134] Loaded X.509 cert 'wens: 61c038651aabdcf94bd0ac7ff06c7248db18c600'
[    5.561554] faux_driver regulatory: Direct firmware load for regulatory.db failed with error -2
[    5.566790] cfg80211: failed to load regulatory.db
[0;32m  OK  
[0m] Started 
[0;1;39mNetwork Management
[0m.
[0;32m  OK  
[0m] Reached target 
[0;1;39mNetwork
[0m.
[0;32m  OK  
[0m] Finished 
[0;1;39mColdplug All udev Devices
[0m.
         Starting 
[0;1;39mdracut initqueue hook
[0m...
         Starting 
[0;1;39mWait for udev To Complete Device Initialization
[0m...
[    5.743444] Floppy drive(s): fd0 is 2.88M AMI BIOS
[    5.752222] e1000: Intel(R) PRO/1000 Network Driver
[    5.755468] e1000: Copyright (c) 1999-2006 Intel Corporation.
[    5.770812] FDC 0 is a S82078B
[    5.777294] ACPI: \_SB_.LNKC: Enabled at IRQ 10
[0;32m  OK  
[0m] Stopped 
[0;1;39mVirtual Console Setup
[0m.
         Stopping 
[0;1;39mVirtual Console Setup
[0m...
         Starting 
[0;1;39mVirtual Console Setup
[0m...
[0;32m  OK  
[0m] Finished 
[0;1;39mVirtual Console Setup
[0m.
         Mounting 
[0;1;39mKernel Configuration File System
[0m...
[0;32m  OK  
[0m] Mounted 
[0;1;39mKernel Configuration File System
[0m.
[    6.256047] e1000 0000:00:03.0 eth0: (PCI:33MHz:32-bit) 52:54:00:12:34:56
[    6.260292] e1000 0000:00:03.0 eth0: Intel(R) PRO/1000 Network Connection
[    6.265705] e1000 0000:00:03.0 ens3: renamed from eth0
[0;32m  OK  
[0m] Finished 
[0;1;39mWait for udev To Complete Device Initialization
[0m.
[0;32m  OK  
[0m] Reached target 
[0;1;39mSystem Initialization
[0m.
[0;32m  OK  
[0m] Reached target 
[0;1;39mBasic System
[0m.
         Starting 
[0;1;39mimmucore
[0m...
[    5.619463] immucore[669]: 
[90m2026-09-15T15:29:41Z
[0m 
[32mINF
[0m 
[1mImmucore
[0m 
[36mgo=
[0mgo1.26.8 
[36mversion=
[0mdev
[    5.625118] immucore[669]: 
[90m2026-09-15T15:29:41Z
[0m DBG cmdline 
[36mcontent=
[0m"cdroot root=live:CDLABEL=COS_LIVE rd.live.dir=/ rd.live.squashimg=rootfs.squashfs rd.live.overlay.overlayfs net.ifnames=1 console=tty1 console=ttyS0 kairos.ram kairos.ram.create_partitions nomodeset selinux=0 rd.immucore.debug ignore_loglevel\n"
[    5.637144] immucore[669]: 
[90m2026-09-15T15:29:41Z
[0m DBG detecting boot state
[    5.640344] immucore[669]: 
[90m2026-09-15T15:29:41Z
[0m DBG Detected in-RAM boot; classifying as Active
[    5.647099] immucore[669]: 
[90m2026-09-15T15:29:41Z
[0m 
[32mINF
[0m 
[1mBooting in-RAM (kairos.ram) with OEM+persistent from disk.
[    5.652450] immucore[669]: 
[90m2026-09-15T15:29:41Z
[0m 
[32mINF
[0m 
[1mChecking OEM encryption status
[0m 
[36moem_encrypted=
[0mfalse
[    5.657943] immucore[669]: 
[90m2026-09-15T15:29:41Z
[0m 
[32mINF
[0m 
[1mOEM is NOT encrypted: OEM mount will run before kcrypt unlock
[    5.663843] immucore[669]: 
[90m2026-09-15T15:29:41Z
[0m 
[32mINF
[0m 
[1m1.
[    5.667170] immucore[669]:  <init> (background: false) (weak: false) (run: false)
[    5.670698] immucore[669]: 2.
[    5.672485] immucore[669]:  <create-sentinel> (background: false) (weak: false) (run: false)
[    5.676291] immucore[669]:  <mount-tmpfs> (background: false) (weak: false) (run: false)
[    5.680079] immucore[669]:  <wait-for-sysroot> (background: false) (weak: false) (run: false)
[    5.684057] immucore[669]: 3.
[    5.685687] immucore[669]:  <ensure-partitions> (background: false) (weak: false) (run: false)
[    5.689988] immucore[669]: 4.
[    5.691652] immucore[669]:  <mount-oem> (background: false) (weak: false) (run: false)
[    5.695206] immucore[669]:  <upgrade-kcrypt> (background: false) (weak: false) (run: false)
[    5.698945] immucore[669]: 5.
[    5.700518] immucore[669]:  <unlock-all> (background: false) (weak: false) (run: false)
[    5.704134] immucore[669]:  <rootfs-hook> (background: false) (weak: false) (run: false)
[    5.707840] immucore[669]: 6.
[    5.709413] immucore[669]:  <load-config> (background: false) (weak: false) (run: false)
[    5.713063] immucore[669]: 7.
[    5.714683] immucore[669]:  <mount-base-overlay> (background: false) (weak: false) (run: false)
[    5.718544] immucore[669]:  <custom-mount> (background: false) (weak: false) (run: false)
[    5.722208] immucore[669]: 8.
[    5.723956] immucore[669]:  <overlay-mount> (background: false) (weak: false) (run: false)
[    5.727653] immucore[669]: 9.
[    5.729227] immucore[669]:  <mount-bind> (background: false) (weak: false) (run: false)
[    5.732816] immucore[669]: 10.
[    5.734453] immucore[669]:  <write-fstab> (background: false) (weak: false) (run: false)
[    5.738134] immucore[669]:  <enable-sysext-confext> (background: false) (weak: false) (run: false)
[    5.742291] immucore[669]: 11.
[    5.744214] immucore[669]:  <initramfs-hook> (background: false) (weak: false) (run: false)
[    5.747963] immucore[669]: 
[    5.749775] immucore[669]: 
[90m2026-09-15T15:29:41Z
[0m DBG Will now create /run/cos if not exists
[    5.754217] immucore[669]: 
[90m2026-09-15T15:29:41Z
[0m DBG Will now create the runtime object
[    5.758167] immucore[669]: 
[90m2026-09-15T15:29:41Z
[0m DBG detecting boot state
[    5.761526] immucore[669]: 
[90m2026-09-15T15:29:41Z
[0m DBG Detected in-RAM boot; classifying as Active
[    5.766081] immucore[669]: 
[90m2026-09-15T15:29:41Z
[0m DBG Waiting for sysroot 
[36mtimeout=
[0m2m0s
[    5.770373] dracut-initqueue[730]: Warning: Kernel command line option 'rd.live.overlay.overlayfs' is deprecated, use 'rd.overlay' instead.
[    5.775976] immucore[669]: 
[90m2026-09-15T15:29:41Z
[0m DBG Bootstate: active_boot
[    5.779694] immucore[669]: 
[90m2026-09-15T15:29:41Z
[0m DBG The BootState was 
[36mBootState=
[0mactive_boot
[    5.784214] immucore[669]: 
[90m2026-09-15T15:29:41Z
[0m 
[32mINF
[0m 
[1mSetting sentinel file
[0m 
[36mto=
[0mactive_mode
[    5.789077] immucore[669]: 
[90m2026-09-15T15:29:41Z
[0m 
[32mINF
[0m 
[1mSetting in-RAM sentinel file
[0m 
[36mto=
[0min_ram_mode
[    6.486744] ISO 9660 Extensions: Microsoft Joliet Level 3
[    6.492076] ISO 9660 Extensions: RRIP_1991A
[    6.497988] loop0: detected capacity change from 0 to 651440
[    6.547249] squashfs: version 4.0 (2009/01/31) Phillip Lougher
[0;32m  OK  
[0m] Finished 
[0;1;39mdracut initqueue hook
[0m.
[0;32m  OK  
[0m] Reached target 
[0;1;39mPreparation for Remote File Systems
[0m.
[0;32m  OK  
[0m] Reached target 
[0;1;39mRemote Encrypted Volumes
[0m.
[0;32m  OK  
[0m] Reached target 
[0;1;39mRemote File Systems
[0m.
[0;32m  OK  
[0m] Reached target 
[0;1;39mRemote Verity Protected Volumes
[0m.
         Starting 
[0;1;39mdracut pre-mount hook
[0m...
[0;32m  OK  
[0m] Finished 
[0;1;39mdracut pre-mount hook
[0m.
         Mounting 
[0;1;39m/sysroot
[0m...
[0;32m  OK  
[0m] Mounted 
[0;1;39m/sysroot
[0m.
[0;32m  OK  
[0m] Reached target 
[0;1;39mInitrd Root File System
[0m.
         Starting 
[0;1;39mMountpoints Configured in the Real Root
[0m...
[0;32m  OK  
[0m] Finished 
[0;1;39mMountpoints Configured in the Real Root
[0m.
         Starting 
[0;1;39mdracut mount hook
[0m...
[0;32m  OK  
[0m] Finished 
[0;1;39mdracut mount hook
[0m.
[    6.650589] immucore[669]: 
[90m2026-09-15T15:29:42Z
[0m DBG Cleaning for sysroot 
[36mnew=
[0m/tmp 
[36mold=
[0m/tmp
[    6.655132] immucore[669]: 
[90m2026-09-15T15:29:42Z
[0m DBG mount ready 
[36moptions=
[0m["rw"] 
[36mtype=
[0mtmpfs 
[36mwhat=
[0mtmpfs 
[36mwhere=
[0m/tmp
[    6.661389] immucore[669]: 
[90m2026-09-15T15:29:42Z
[0m 
[32mINF
[0m 
[1mmount done
[0m 
[36moptions=
[0m["rw"] 
[36mtype=
[0mtmpfs 
[36mwhat=
[0mtmpfs 
[36mwhere=
[0m/tmp
[    8.311008] e1000: ens3 NIC Link is Up 1000 Mbps Full Duplex, Flow Control: RX
[    7.653354] immucore[669]: 
[90m2026-09-15T15:29:43Z
[0m 
[32mINF
[0m 
[1mcreating missing kairos partitions
[0m 
[36minit_disk=
[0mtrue 
[36moem_present=
[0mfalse 
[36moem_size_mib=
[0m64 
[36mpersistent_present=
[0mfalse 
[36mpersistent_size_mib=
[0m0 
[36mtarget=
[0m/dev/vda
[    7.665286] i[    8.354069]  vda:
mmucore[669]: 
[90m2026-09-15T15:29:43Z
[0m 
[32mINF
[0m 
[1mRun[    8.357806]  vda:
ning stage: ensure-partitions
[    7.672457] immucore[669]: 
[    7.674391] immucore[669]: 
[90m2026-09-15T15:29:43Z
[0m DBG Generating op fo[    8.366327]  vda: vda1 vda2
r stage '<STDIN>.Create missing Kairos partitions'
[    7.682361] i[    8.371030]  vda: vda1 vda2
mmucore[669]: 
[90m2026-09-15T15:29:43Z
[0m DBG Reading '<STDIN>'
[    7.687295] immucore[669]: 
[90m2026-09-15T15:29:43Z
[0m DBG Executing stage '<STDIN>.Create missing Kairos partitions'
[    7.693089] immucore[669]: 
[90m2026-09-15T15:29:43Z
[0m 
[32mINF
[0m 
[1mProcessing stage step '<STDIN>.Create missing Kairos partitions'. ( commands: 0, files: 0, ... )
[    7.699733] immucore[669]: 
[90m2026-09-15T15:29:43Z
[0m DBG Stage: schema.Stage{
[    7.704144] immucore[669]:   Name: "Create missing Kairos partitions",
[    7.707502] immucore[669]:   Layout: schema.Layout{
[    7.710462] immucore[669]:     Device: &schema.Device{
[    7.713308] immucore[669]:       InitDisk: true,
[    7.715802] immucore[669]:       Path: "/dev/vda",
[    7.718212] immucore[669]:     },
[    7.726457] immucore[669]:     Parts: []schema.Partition{
[    7.729501] immucore[669]:       schema.Partition{
[    7.732262] immucore[669]:         FSLabel: "COS_OEM",
[    7.735171] immucore[669]:         Size: 64,
[    7.737311] immucore[669]:         PLabel: "oem",
[    7.742741] immucore[669]:         FileSystem: "ext4",
[    7.747963] immucore[669]:       },
[    7.749835] immucore[669]:       schema.Partition{
[    7.751563] immucore[669]:         FSLabel: "COS_PERSISTENT",
[    7.763059] immucore[669]:         PLabel: "persistent",
[    7.765967] immucore[669]:         FileSystem: "ext4",
[    7.768458] immucore[669]:       },
[    7.770339] immucore[669]:     },
[    7.772126] immucore[669]:   },
[    7.773868] immucore[669]: }
[    7.775502] immucore[669]: 
[90m2026-09-15T15:29:43Z
[0m 
[32mINF
[0m 
[1mRunning layout plugin
[    7.779819] immucore[669]: 
[90m2026-09-15T15:29:43Z
[0m DBG Initializing disk with path /dev/vda
[    7.784290] immucore[669]: 
[90m2026-09-15T15:29:43Z
[0m DBG Initialized disk with path /dev/vda
[    7.789209] immucore[669]: 
[90m2026-09-15T15:29:43Z
[0m DBG Checking layout device information
[    7.793916] immucore[669]: 
[90m2026-09-15T15:29:43Z
[0m DBG Using path /dev/vda for layout expansion
[    7.798847] immucore[669]: 
[90m2026-09-15T15:29:43Z
[0m DBG Checking for free space on device /dev/vda
[    7.804951] immucore[669]: 
[90m2026-09-15T15:29:43Z
[0m DBG Checking if more than a partition is marked as bootable on device /dev/vda
[    7.812217] immucore[669]: 
[90m2026-09-15T15:29:43Z
[0m DBG Verifying and repairing headers on device /dev/vda
[    7.818051] immucore[669]: 
[90m2026-09-15T15:29:43Z
[0m DBG Going over the partition layout to create partitions on device /dev/vda
[    7.824907] immucore[669]: 
[90m2026-09-15T15:29:43Z
[0m DBG Checking if partition with PLabel: oem exists on device /dev/vda
[    7.829826] immucore[669]: 
[90m2026-09-15T15:29:43Z
[0m DBG Added partition (fslabel: COS_OEM) of size 64 MiB on device /dev/vda
[    7.836445] immucore[669]: 
[90m2026-09-15T15:29:43Z
[0m DBG Checking if partition with PLabel: persistent exists on device /dev/vda
[    7.843844] immucore[669]: 
[90m2026-09-15T15:29:43Z
[0m DBG Added partition (fslabel: COS_PERSISTENT) of size 4030 MiB on device /dev/vda
[    8.037434] immucore[669]: 
[90m2026-09-15T15:29:43Z
[0m DBG Formatting partition COS_OEM on device /dev/vda
[    8.050830] immucore[669]: 
[90m2026-09-15T15:29:43Z
[0m DBG Formatting partition COS_PERSISTENT on device /dev/vda
[    8.087568] immucore[669]: 
[90m2026-09-15T15:29:43Z
[0m DBG Checking for layout expansion on device /dev/vda
[    8.093090] immucore[669]: 
[90m2026-09-15T15:29:43Z
[0m DBG All done with layout plugin for device /dev/vda
[    8.098126] immucore[669]: 
[90m2026-09-15T15:29:43Z
[0m 
[32mINF
[0m 
[1mDone executing stage 'ensure-partitions'
[    8.103378] immucore[669]: 
[0;31m*     
[0m] A start job is running for immucore (4s / no limit)
[    8.595189] immucore[669]: 
[90m2026-09-15T15:29:44Z
[0m 
[32mINF
[0m 
[1mkairos partitions ready
[    8.600441] immucore[669]: 
[90m2026-09-15T15[    9.290639] BLKIDSHIM argv=[/dev/vda1 -s TYPE -o value]
:29:44Z
[0m DBG detecting boot state
[    8.607678] i[    9.296224] BLKIDSHIM argv=[--help]
mmucore[669]: 
[90m2026-09-15T15:29:44Z
[0m DBG Detected in-RAM boot; classifying as Active
[    8.614696] immucore[669]: 
[90m2026-09-15T15:29:44Z
[0m DBG Resolved label to concrete device path 
[36mlabel=
[0mCOS_OEM 
[36mresolved=
[0m/dev/vda1
[    8.621393] immucore[669]: 
[90m2026-09-15T15:29:44Z
[0m DBG Getting disk type for device 
[36mdevice=
[0m/dev/vda1
[0;1;31mFAILED
[0m] Failed to start 
[0;1;39mimmucore
[0m.
[KSee 'systemctl status immucore.service' for details.
[0;1;38:5:185mDEPEND
[0m] Dependency failed for 
[0;1;39mInitrd Default Target
[0m.
[    8.626705] immucore[669]: panic: runtime error: index out of range [1] with length 1
[0;32m  OK  
[0m] Stopped 
[0;1;39mDispatch Password Requests to Console Directory Watch
[0m.
[    8.641280] immucore[669]: goroutine 67 [running]:
[0;32m  OK  
[0m] Stopped target 
[0;1;39mBasic System
[0m.
[0;32m  OK  
[0m] Stopped target 
[0;1;39mSystem Initialization
[0m.
[    8.645865] immucore[669]: github.com/kairos-io/kairos/v4/immucore/internal/utils.DiskFSType({0xa4e99449cb0, 0x9})
[    8.657687] immucore[669]: 	github.com/kairos-io/kairos/v4/immucore/internal/utils/mounts.go:88 +0x332
[    8.662334] immucore[669]: github.com/kairos-io/kairos/v4/immucore/pkg/state.(*State).MountOemDagStep.func1.1(...)
[    8.667380] immucore[669]: 	github.com/kairos-io/kairos/v4/immucore/pkg/state/steps_shared.go:257
[    8.671412] immucore[669]: github.com/kairos-io/kairos/v4/immucore/pkg/state.(*State).MountOemDagStep.func1({0xa4e997fb680?, 0x4c18d3?})
[    8.677209] immucore[669]: 	github.com/kairos-io/kairos/v4/immucore/pkg/state/steps_shared.go:270 +0x30c
[0;32m  OK  
[0m] Started 
[0;1;39mEmergency Shell
[0m.
[0;32m  OK  
[0m] Reached target 
[0;1;39mEmergency Mode
[0m.
[    8.679245] immucore[669]: github.com/kairos-io/kairos/v4/immucore/pkg/state.(*State).MountOemDagStep.TimedCallback.func2.1()
[    8.680541] immucore[669]: 	github.com/kairos-io/kairos/v4/immucore/pkg/state/timing.go:56 +0x1f
[0;32m  OK  
[0m] Reached target 
[0;1;39mInitrd File Systems
[0m.
[    8.681845] immucore[669]: github.com/kairos-io/kairos/v4/immucore/pkg/state.RunTimed({0x10cb456, 0x9}, 0xa4e997fb708)
[    8.684982] immucore[669]: 	github.com/kairos-io/kairos/v4/immucore/pkg/state/timing.go:46 +0x3f
[0;32m  OK  
[0m] Stopped 
[0;1;39mdracut mount hook
[0m.
[0;32m  OK  
[0m] Stopped 
[0;1;39mdracut pre-mount hook
[0m.
[    8.691367] immucore[669]: github.com/kairos-io/kairos/v4/immucore/pkg/state.(*State).MountOemDagStep.TimedCallback.func2({0x1142c70?, 0x1a54700?})
[    8.691983] immucore[669]: 	github.com/kairos-io/kairos/v4/immucore/pkg/state/timing.go:56 +0x4f
[0;32m  OK  
[0m] Stopped 
[0;1;39mdracut initqueue hook
[0m.
[0;32m  OK  
[0m] Stopped 
[0;1;39mdracut pre-trigger hook
[0m.
[    8.697631] immucore[669]: github.com/spectrocloud-labs/herd.(*Graph).Run.func3({0x1142c70?, 0x1a54700?}, 0xa4e997a7b90, {0x10cb456, 0x9}, 0x0?)
[0;32m  OK  
[0m] Stopped 
[0;1;39mdracut pre-udev hook
[0m.
[    8.698859] immucore[669]: 	github.com/spectrocloud-labs/herd@v0.4.2/dag.go:159 +0x42
[0;32m  OK  
[0m] Stopped 
[0;1;39mdracut cmdline hook
[0m.
[    8.700747] immucore[669]: created by github.com/spectrocloud-labs/herd.(*Graph).Run in goroutine 1
[    8.705748] immucore[669]: 	github.com/spectrocloud-labs/herd@v0.4.2/dag.go:158 +0x6d0
[    9.556665] I/O error, dev fd0, sector 0 op 0x0:(READ) flags 0x0 phys_seg 1 prio class 2
[    9.562332] floppy: error 10 while reading block 0
Generating "/run/initramfs/rdsosreport.txt"
Entering emergency mode. Exit the shell to continue.
Type "journalctl" to view system logs.
You might want to save "/run/initramfs/rdsosreport.txt" to a USB stick or /boot
after mounting them and attach it to a bug report.
Cannot open access to console, the root account is locked.
See sulogin(8) man page for more details.
Press Enter to continue.
